Analysis & Synthesis report for adder_subtractor
Tue Feb 04 22:40:43 2025
Quartus Prime Version 18.1.0 Build 625 09/12/2018 SJ Lite Edition


---------------------
; Table of Contents ;
---------------------
  1. Legal Notice
  2. Analysis & Synthesis Summary
  3. Analysis & Synthesis Settings
  4. Parallel Compilation
  5. Analysis & Synthesis Source Files Read
  6. Analysis & Synthesis Resource Usage Summary
  7. Analysis & Synthesis Resource Utilization by Entity
  8. General Register Statistics
  9. Post-Synthesis Netlist Statistics for Top Partition
 10. Elapsed Time Per Partition
 11. Analysis & Synthesis Messages



----------------
; Legal Notice ;
----------------
Copyright (C) 2018  Intel Corporation. All rights reserved.
Your use of Intel Corporation's design tools, logic functions 
and other software and tools, and its AMPP partner logic 
functions, and any output files from any of the foregoing 
(including device programming or simulation files), and any 
associated documentation or information are expressly subject 
to the terms and conditions of the Intel Program License 
Subscription Agreement, the Intel Quartus Prime License Agreement,
the Intel FPGA IP License Agreement, or other applicable license
agreement, including, without limitation, that your use is for
the sole purpose of programming logic devices manufactured by
Intel and sold by Intel or its authorized distributors.  Please
refer to the applicable agreement for further details.



+----------------------------------------------------------------------------------+
; Analysis & Synthesis Summary                                                     ;
+------------------------------------+---------------------------------------------+
; Analysis & Synthesis Status        ; Successful - Tue Feb 04 22:40:43 2025       ;
; Quartus Prime Version              ; 18.1.0 Build 625 09/12/2018 SJ Lite Edition ;
; Revision Name                      ; adder_subtractor                            ;
; Top-level Entity Name              ; adder_subtractor                            ;
; Family                             ; MAX 10                                      ;
; Total logic elements               ; 39                                          ;
;     Total combinational functions  ; 39                                          ;
;     Dedicated logic registers      ; 0                                           ;
; Total registers                    ; 0                                           ;
; Total pins                         ; 37                                          ;
; Total virtual pins                 ; 0                                           ;
; Total memory bits                  ; 0                                           ;
; Embedded Multiplier 9-bit elements ; 0                                           ;
; Total PLLs                         ; 0                                           ;
; UFM blocks                         ; 0                                           ;
; ADC blocks                         ; 0                                           ;
+------------------------------------+---------------------------------------------+


+------------------------------------------------------------------------------------------------------------+
; Analysis & Synthesis Settings                                                                              ;
+------------------------------------------------------------------+--------------------+--------------------+
; Option                                                           ; Setting            ; Default Value      ;
+------------------------------------------------------------------+--------------------+--------------------+
; Device                                                           ; 10M50DAF484C7G     ;                    ;
; Top-level entity name                                            ; adder_subtractor   ; adder_subtractor   ;
; Family name                                                      ; MAX 10             ; Cyclone V          ;
; Use smart compilation                                            ; Off                ; Off                ;
; Enable parallel Assembler and Timing Analyzer during compilation ; On                 ; On                 ;
; Enable compact report table                                      ; Off                ; Off                ;
; Restructure Multiplexers                                         ; Auto               ; Auto               ;
; Create Debugging Nodes for IP Cores                              ; Off                ; Off                ;
; Preserve fewer node names                                        ; On                 ; On                 ;
; Intel FPGA IP Evaluation Mode                                    ; Enable             ; Enable             ;
; Verilog Version                                                  ; Verilog_2001       ; Verilog_2001       ;
; VHDL Version                                                     ; VHDL_1993          ; VHDL_1993          ;
; State Machine Processing                                         ; Auto               ; Auto               ;
; Safe State Machine                                               ; Off                ; Off                ;
; Extract Verilog State Machines                                   ; On                 ; On                 ;
; Extract VHDL State Machines                                      ; On                 ; On                 ;
; Ignore Verilog initial constructs                                ; Off                ; Off                ;
; Iteration limit for constant Verilog loops                       ; 5000               ; 5000               ;
; Iteration limit for non-constant Verilog loops                   ; 250                ; 250                ;
; Add Pass-Through Logic to Inferred RAMs                          ; On                 ; On                 ;
; Infer RAMs from Raw Logic                                        ; On                 ; On                 ;
; Parallel Synthesis                                               ; On                 ; On                 ;
; DSP Block Balancing                                              ; Auto               ; Auto               ;
; NOT Gate Push-Back                                               ; On                 ; On                 ;
; Power-Up Don't Care                                              ; On                 ; On                 ;
; Remove Redundant Logic Cells                                     ; Off                ; Off                ;
; Remove Duplicate Registers                                       ; On                 ; On                 ;
; Ignore CARRY Buffers                                             ; Off                ; Off                ;
; Ignore CASCADE Buffers                                           ; Off                ; Off                ;
; Ignore GLOBAL Buffers                                            ; Off                ; Off                ;
; Ignore ROW GLOBAL Buffers                                        ; Off                ; Off                ;
; Ignore LCELL Buffers                                             ; Off                ; Off                ;
; Ignore SOFT Buffers                                              ; On                 ; On                 ;
; Limit AHDL Integers to 32 Bits                                   ; Off                ; Off                ;
; Optimization Technique                                           ; Balanced           ; Balanced           ;
; Carry Chain Length                                               ; 70                 ; 70                 ;
; Auto Carry Chains                                                ; On                 ; On                 ;
; Auto Open-Drain Pins                                             ; On                 ; On                 ;
; Perform WYSIWYG Primitive Resynthesis                            ; Off                ; Off                ;
; Auto ROM Replacement                                             ; On                 ; On                 ;
; Auto RAM Replacement                                             ; On                 ; On                 ;
; Auto DSP Block Replacement                                       ; On                 ; On                 ;
; Auto Shift Register Replacement                                  ; Auto               ; Auto               ;
; Allow Shift Register Merging across Hierarchies                  ; Auto               ; Auto               ;
; Auto Clock Enable Replacement                                    ; On                 ; On                 ;
; Strict RAM Replacement                                           ; Off                ; Off                ;
; Allow Synchronous Control Signals                                ; On                 ; On                 ;
; Force Use of Synchronous Clear Signals                           ; Off                ; Off                ;
; Auto RAM Block Balancing                                         ; On                 ; On                 ;
; Auto RAM to Logic Cell Conversion                                ; Off                ; Off                ;
; Auto Resource Sharing                                            ; Off                ; Off                ;
; Allow Any RAM Size For Recognition                               ; Off                ; Off                ;
; Allow Any ROM Size For Recognition                               ; Off                ; Off                ;
; Allow Any Shift Register Size For Recognition                    ; Off                ; Off                ;
; Use LogicLock Constraints during Resource Balancing              ; On                 ; On                 ;
; Ignore translate_off and synthesis_off directives                ; Off                ; Off                ;
; Timing-Driven Synthesis                                          ; On                 ; On                 ;
; Report Parameter Settings                                        ; On                 ; On                 ;
; Report Source Assignments                                        ; On                 ; On                 ;
; Report Connectivity Checks                                       ; On                 ; On                 ;
; Ignore Maximum Fan-Out Assignments                               ; Off                ; Off                ;
; Synchronization Register Chain Length                            ; 2                  ; 2                  ;
; Power Optimization During Synthesis                              ; Normal compilation ; Normal compilation ;
; HDL message level                                                ; Level2             ; Level2             ;
; Suppress Register Optimization Related Messages                  ; Off                ; Off                ;
; Number of Removed Registers Reported in Synthesis Report         ; 5000               ; 5000               ;
; Number of Swept Nodes Reported in Synthesis Report               ; 5000               ; 5000               ;
; Number of Inverted Registers Reported in Synthesis Report        ; 100                ; 100                ;
; Clock MUX Protection                                             ; On                 ; On                 ;
; Auto Gated Clock Conversion                                      ; Off                ; Off                ;
; Block Design Naming                                              ; Auto               ; Auto               ;
; SDC constraint protection                                        ; Off                ; Off                ;
; Synthesis Effort                                                 ; Auto               ; Auto               ;
; Shift Register Replacement - Allow Asynchronous Clear Signal     ; On                 ; On                 ;
; Pre-Mapping Resynthesis Optimization                             ; Off                ; Off                ;
; Analysis & Synthesis Message Level                               ; Medium             ; Medium             ;
; Disable Register Merging Across Hierarchies                      ; Auto               ; Auto               ;
; Resource Aware Inference For Block RAM                           ; On                 ; On                 ;
+------------------------------------------------------------------+--------------------+--------------------+


+------------------------------------------+
; Parallel Compilation                     ;
+----------------------------+-------------+
; Processors                 ; Number      ;
+----------------------------+-------------+
; Number detected on machine ; 4           ;
; Maximum allowed            ; 2           ;
;                            ;             ;
; Average used               ; 1.00        ;
; Maximum used               ; 1           ;
;                            ;             ;
; Usage by Processor         ; % Time Used ;
;     Processor 1            ; 100.0%      ;
+----------------------------+-------------+


+---------------------------------------------------------------------------------------------------------------------------------------------------------------------------------+
; Analysis & Synthesis Source Files Read                                                                                                                                          ;
+----------------------------------+-----------------+------------------------------------------+-----------------------------------------------------------------------+---------+
; File Name with User-Entered Path ; Used in Netlist ; File Type                                ; File Name with Absolute Path                                          ; Library ;
+----------------------------------+-----------------+------------------------------------------+-----------------------------------------------------------------------+---------+
; adder_subtractor.bdf             ; yes             ; User Block Diagram/Schematic File        ; C:/Users/mclya/digital_projects/adder_subtractor/adder_subtractor.bdf ;         ;
; conversor.bdf                    ; yes             ; Auto-Found Block Diagram/Schematic File  ; C:/Users/mclya/digital_projects/adder_subtractor/conversor.bdf        ;         ;
; segmento_a.bdf                   ; yes             ; Auto-Found Block Diagram/Schematic File  ; C:/Users/mclya/digital_projects/adder_subtractor/segmento_a.bdf       ;         ;
; segmento_b.bdf                   ; yes             ; Auto-Found Block Diagram/Schematic File  ; C:/Users/mclya/digital_projects/adder_subtractor/segmento_b.bdf       ;         ;
; segmento_c.bdf                   ; yes             ; Auto-Found Block Diagram/Schematic File  ; C:/Users/mclya/digital_projects/adder_subtractor/segmento_c.bdf       ;         ;
; segmento_d.bdf                   ; yes             ; Auto-Found Block Diagram/Schematic File  ; C:/Users/mclya/digital_projects/adder_subtractor/segmento_d.bdf       ;         ;
; segmento_e.bdf                   ; yes             ; Auto-Found Block Diagram/Schematic File  ; C:/Users/mclya/digital_projects/adder_subtractor/segmento_e.bdf       ;         ;
; segmento_f.bdf                   ; yes             ; Auto-Found Block Diagram/Schematic File  ; C:/Users/mclya/digital_projects/adder_subtractor/segmento_f.bdf       ;         ;
; segmento_g.bdf                   ; yes             ; Auto-Found Block Diagram/Schematic File  ; C:/Users/mclya/digital_projects/adder_subtractor/segmento_g.bdf       ;         ;
; somaesub.bdf                     ; yes             ; Auto-Found Block Diagram/Schematic File  ; C:/Users/mclya/digital_projects/adder_subtractor/somaesub.bdf         ;         ;
; soma4bits.bdf                    ; yes             ; Auto-Found Block Diagram/Schematic File  ; C:/Users/mclya/digital_projects/adder_subtractor/soma4bits.bdf        ;         ;
; soma1bit.bdf                     ; yes             ; Auto-Found Block Diagram/Schematic File  ; C:/Users/mclya/digital_projects/adder_subtractor/soma1bit.bdf         ;         ;
; subtrator.bdf                    ; yes             ; Auto-Found Block Diagram/Schematic File  ; C:/Users/mclya/digital_projects/adder_subtractor/subtrator.bdf        ;         ;
+----------------------------------+-----------------+------------------------------------------+-----------------------------------------------------------------------+---------+


+---------------------------------------------------------------------------------------------------+
; Analysis & Synthesis Resource Usage Summary                                                       ;
+---------------------------------------------+-----------------------------------------------------+
; Resource                                    ; Usage                                               ;
+---------------------------------------------+-----------------------------------------------------+
; Estimated Total logic elements              ; 39                                                  ;
;                                             ;                                                     ;
; Total combinational functions               ; 39                                                  ;
; Logic element usage by number of LUT inputs ;                                                     ;
;     -- 4 input functions                    ; 33                                                  ;
;     -- 3 input functions                    ; 3                                                   ;
;     -- <=2 input functions                  ; 3                                                   ;
;                                             ;                                                     ;
; Logic elements by mode                      ;                                                     ;
;     -- normal mode                          ; 39                                                  ;
;     -- arithmetic mode                      ; 0                                                   ;
;                                             ;                                                     ;
; Total registers                             ; 0                                                   ;
;     -- Dedicated logic registers            ; 0                                                   ;
;     -- I/O registers                        ; 0                                                   ;
;                                             ;                                                     ;
; I/O pins                                    ; 37                                                  ;
;                                             ;                                                     ;
; Embedded Multiplier 9-bit elements          ; 0                                                   ;
;                                             ;                                                     ;
; Maximum fan-out node                        ; somaesub:inst5|soma4bits:inst3|soma1bit:inst5|inst3 ;
; Maximum fan-out                             ; 11                                                  ;
; Total fan-out                               ; 209                                                 ;
; Average fan-out                             ; 1.85                                                ;
+---------------------------------------------+-----------------------------------------------------+


+-------------------------------------------------------------------------------------------------------------------------------------------------------------------------------------------------------------------------------------------------------------------------------------+
; Analysis & Synthesis Resource Utilization by Entity                                                                                                                                                                                                                                 ;
+----------------------------+---------------------+---------------------------+-------------+------------+--------------+---------+-----------+------+--------------+------------+-----------------------------------------------------------------+------------------+--------------+
; Compilation Hierarchy Node ; Combinational ALUTs ; Dedicated Logic Registers ; Memory Bits ; UFM Blocks ; DSP Elements ; DSP 9x9 ; DSP 18x18 ; Pins ; Virtual Pins ; ADC blocks ; Full Hierarchy Name                                             ; Entity Name      ; Library Name ;
+----------------------------+---------------------+---------------------------+-------------+------------+--------------+---------+-----------+------+--------------+------------+-----------------------------------------------------------------+------------------+--------------+
; |adder_subtractor          ; 39 (0)              ; 0 (0)                     ; 0           ; 0          ; 0            ; 0       ; 0         ; 37   ; 0            ; 0          ; |adder_subtractor                                               ; adder_subtractor ; work         ;
;    |conversor:conversorA|  ; 7 (0)               ; 0 (0)                     ; 0           ; 0          ; 0            ; 0       ; 0         ; 0    ; 0            ; 0          ; |adder_subtractor|conversor:conversorA                          ; conversor        ; work         ;
;       |segmento_a:inst|    ; 1 (1)               ; 0 (0)                     ; 0           ; 0          ; 0            ; 0       ; 0         ; 0    ; 0            ; 0          ; |adder_subtractor|conversor:conversorA|segmento_a:inst          ; segmento_a       ; work         ;
;       |segmento_b:inst2|   ; 1 (1)               ; 0 (0)                     ; 0           ; 0          ; 0            ; 0       ; 0         ; 0    ; 0            ; 0          ; |adder_subtractor|conversor:conversorA|segmento_b:inst2         ; segmento_b       ; work         ;
;       |segmento_c:inst4|   ; 1 (1)               ; 0 (0)                     ; 0           ; 0          ; 0            ; 0       ; 0         ; 0    ; 0            ; 0          ; |adder_subtractor|conversor:conversorA|segmento_c:inst4         ; segmento_c       ; work         ;
;       |segmento_d:inst5|   ; 1 (1)               ; 0 (0)                     ; 0           ; 0          ; 0            ; 0       ; 0         ; 0    ; 0            ; 0          ; |adder_subtractor|conversor:conversorA|segmento_d:inst5         ; segmento_d       ; work         ;
;       |segmento_e:inst7|   ; 1 (1)               ; 0 (0)                     ; 0           ; 0          ; 0            ; 0       ; 0         ; 0    ; 0            ; 0          ; |adder_subtractor|conversor:conversorA|segmento_e:inst7         ; segmento_e       ; work         ;
;       |segmento_f:inst8|   ; 1 (1)               ; 0 (0)                     ; 0           ; 0          ; 0            ; 0       ; 0         ; 0    ; 0            ; 0          ; |adder_subtractor|conversor:conversorA|segmento_f:inst8         ; segmento_f       ; work         ;
;       |segmento_g:inst9|   ; 1 (1)               ; 0 (0)                     ; 0           ; 0          ; 0            ; 0       ; 0         ; 0    ; 0            ; 0          ; |adder_subtractor|conversor:conversorA|segmento_g:inst9         ; segmento_g       ; work         ;
;    |conversor:conversorB|  ; 7 (0)               ; 0 (0)                     ; 0           ; 0          ; 0            ; 0       ; 0         ; 0    ; 0            ; 0          ; |adder_subtractor|conversor:conversorB                          ; conversor        ; work         ;
;       |segmento_a:inst|    ; 1 (1)               ; 0 (0)                     ; 0           ; 0          ; 0            ; 0       ; 0         ; 0    ; 0            ; 0          ; |adder_subtractor|conversor:conversorB|segmento_a:inst          ; segmento_a       ; work         ;
;       |segmento_b:inst2|   ; 1 (1)               ; 0 (0)                     ; 0           ; 0          ; 0            ; 0       ; 0         ; 0    ; 0            ; 0          ; |adder_subtractor|conversor:conversorB|segmento_b:inst2         ; segmento_b       ; work         ;
;       |segmento_c:inst4|   ; 1 (1)               ; 0 (0)                     ; 0           ; 0          ; 0            ; 0       ; 0         ; 0    ; 0            ; 0          ; |adder_subtractor|conversor:conversorB|segmento_c:inst4         ; segmento_c       ; work         ;
;       |segmento_d:inst5|   ; 1 (1)               ; 0 (0)                     ; 0           ; 0          ; 0            ; 0       ; 0         ; 0    ; 0            ; 0          ; |adder_subtractor|conversor:conversorB|segmento_d:inst5         ; segmento_d       ; work         ;
;       |segmento_e:inst7|   ; 1 (1)               ; 0 (0)                     ; 0           ; 0          ; 0            ; 0       ; 0         ; 0    ; 0            ; 0          ; |adder_subtractor|conversor:conversorB|segmento_e:inst7         ; segmento_e       ; work         ;
;       |segmento_f:inst8|   ; 1 (1)               ; 0 (0)                     ; 0           ; 0          ; 0            ; 0       ; 0         ; 0    ; 0            ; 0          ; |adder_subtractor|conversor:conversorB|segmento_f:inst8         ; segmento_f       ; work         ;
;       |segmento_g:inst9|   ; 1 (1)               ; 0 (0)                     ; 0           ; 0          ; 0            ; 0       ; 0         ; 0    ; 0            ; 0          ; |adder_subtractor|conversor:conversorB|segmento_g:inst9         ; segmento_g       ; work         ;
;    |conversor:conversorS|  ; 15 (0)              ; 0 (0)                     ; 0           ; 0          ; 0            ; 0       ; 0         ; 0    ; 0            ; 0          ; |adder_subtractor|conversor:conversorS                          ; conversor        ; work         ;
;       |segmento_a:inst|    ; 5 (5)               ; 0 (0)                     ; 0           ; 0          ; 0            ; 0       ; 0         ; 0    ; 0            ; 0          ; |adder_subtractor|conversor:conversorS|segmento_a:inst          ; segmento_a       ; work         ;
;       |segmento_b:inst2|   ; 2 (2)               ; 0 (0)                     ; 0           ; 0          ; 0            ; 0       ; 0         ; 0    ; 0            ; 0          ; |adder_subtractor|conversor:conversorS|segmento_b:inst2         ; segmento_b       ; work         ;
;       |segmento_c:inst4|   ; 2 (2)               ; 0 (0)                     ; 0           ; 0          ; 0            ; 0       ; 0         ; 0    ; 0            ; 0          ; |adder_subtractor|conversor:conversorS|segmento_c:inst4         ; segmento_c       ; work         ;
;       |segmento_d:inst5|   ; 2 (2)               ; 0 (0)                     ; 0           ; 0          ; 0            ; 0       ; 0         ; 0    ; 0            ; 0          ; |adder_subtractor|conversor:conversorS|segmento_d:inst5         ; segmento_d       ; work         ;
;       |segmento_e:inst7|   ; 1 (1)               ; 0 (0)                     ; 0           ; 0          ; 0            ; 0       ; 0         ; 0    ; 0            ; 0          ; |adder_subtractor|conversor:conversorS|segmento_e:inst7         ; segmento_e       ; work         ;
;       |segmento_f:inst8|   ; 1 (1)               ; 0 (0)                     ; 0           ; 0          ; 0            ; 0       ; 0         ; 0    ; 0            ; 0          ; |adder_subtractor|conversor:conversorS|segmento_f:inst8         ; segmento_f       ; work         ;
;       |segmento_g:inst9|   ; 2 (2)               ; 0 (0)                     ; 0           ; 0          ; 0            ; 0       ; 0         ; 0    ; 0            ; 0          ; |adder_subtractor|conversor:conversorS|segmento_g:inst9         ; segmento_g       ; work         ;
;    |somaesub:inst5|        ; 10 (1)              ; 0 (0)                     ; 0           ; 0          ; 0            ; 0       ; 0         ; 0    ; 0            ; 0          ; |adder_subtractor|somaesub:inst5                                ; somaesub         ; work         ;
;       |soma4bits:inst3|    ; 8 (0)               ; 0 (0)                     ; 0           ; 0          ; 0            ; 0       ; 0         ; 0    ; 0            ; 0          ; |adder_subtractor|somaesub:inst5|soma4bits:inst3                ; soma4bits        ; work         ;
;          |soma1bit:inst2|  ; 2 (2)               ; 0 (0)                     ; 0           ; 0          ; 0            ; 0       ; 0         ; 0    ; 0            ; 0          ; |adder_subtractor|somaesub:inst5|soma4bits:inst3|soma1bit:inst2 ; soma1bit         ; work         ;
;          |soma1bit:inst3|  ; 2 (2)               ; 0 (0)                     ; 0           ; 0          ; 0            ; 0       ; 0         ; 0    ; 0            ; 0          ; |adder_subtractor|somaesub:inst5|soma4bits:inst3|soma1bit:inst3 ; soma1bit         ; work         ;
;          |soma1bit:inst5|  ; 2 (2)               ; 0 (0)                     ; 0           ; 0          ; 0            ; 0       ; 0         ; 0    ; 0            ; 0          ; |adder_subtractor|somaesub:inst5|soma4bits:inst3|soma1bit:inst5 ; soma1bit         ; work         ;
;          |soma1bit:inst|   ; 2 (2)               ; 0 (0)                     ; 0           ; 0          ; 0            ; 0       ; 0         ; 0    ; 0            ; 0          ; |adder_subtractor|somaesub:inst5|soma4bits:inst3|soma1bit:inst  ; soma1bit         ; work         ;
;       |subtrator:inst4|    ; 1 (1)               ; 0 (0)                     ; 0           ; 0          ; 0            ; 0       ; 0         ; 0    ; 0            ; 0          ; |adder_subtractor|somaesub:inst5|subtrator:inst4                ; subtrator        ; work         ;
+----------------------------+---------------------+---------------------------+-------------+------------+--------------+---------+-----------+------+--------------+------------+-----------------------------------------------------------------+------------------+--------------+
Note: For table entries with two numbers listed, the numbers in parentheses indicate the number of resources of the given type used by the specific entity alone. The numbers listed outside of parentheses indicate the total resources of the given type used by the specific entity and all of its sub-entities in the hierarchy.


+------------------------------------------------------+
; General Register Statistics                          ;
+----------------------------------------------+-------+
; Statistic                                    ; Value ;
+----------------------------------------------+-------+
; Total registers                              ; 0     ;
; Number of registers using Synchronous Clear  ; 0     ;
; Number of registers using Synchronous Load   ; 0     ;
; Number of registers using Asynchronous Clear ; 0     ;
; Number of registers using Asynchronous Load  ; 0     ;
; Number of registers using Clock Enable       ; 0     ;
; Number of registers using Preset             ; 0     ;
+----------------------------------------------+-------+


+-----------------------------------------------------+
; Post-Synthesis Netlist Statistics for Top Partition ;
+-----------------------+-----------------------------+
; Type                  ; Count                       ;
+-----------------------+-----------------------------+
; boundary_port         ; 37                          ;
; cycloneiii_lcell_comb ; 42                          ;
;     normal            ; 42                          ;
;         0 data inputs ; 2                           ;
;         1 data inputs ; 1                           ;
;         2 data inputs ; 3                           ;
;         3 data inputs ; 3                           ;
;         4 data inputs ; 33                          ;
;                       ;                             ;
; Max LUT depth         ; 5.00                        ;
; Average LUT depth     ; 3.41                        ;
+-----------------------+-----------------------------+


+-------------------------------+
; Elapsed Time Per Partition    ;
+----------------+--------------+
; Partition Name ; Elapsed Time ;
+----------------+--------------+
; Top            ; 00:00:01     ;
+----------------+--------------+


+-------------------------------+
; Analysis & Synthesis Messages ;
+-------------------------------+
Info: *******************************************************************
Info: Running Quartus Prime Analysis & Synthesis
    Info: Version 18.1.0 Build 625 09/12/2018 SJ Lite Edition
    Info: Processing started: Tue Feb 04 22:40:31 2025
Info: Command: quartus_map --read_settings_files=on --write_settings_files=off adder_subtractor -c adder_subtractor
Warning (18236): Number of processors has not been specified which may cause overloading on shared machines.  Set the global assignment NUM_PARALLEL_PROCESSORS in your QSF to an appropriate value for best performance.
Info (20030): Parallel compilation is enabled and will use 2 of the 2 processors detected
Info (12021): Found 1 design units, including 1 entities, in source file adder_subtractor.bdf
    Info (12023): Found entity 1: adder_subtractor
Info (12127): Elaborating entity "adder_subtractor" for the top level hierarchy
Warning (12125): Using design file conversor.bdf, which is not specified as a design file for the current project, but contains definitions for 1 design units and 1 entities in project
    Info (12023): Found entity 1: conversor
Info (12128): Elaborating entity "conversor" for hierarchy "conversor:GND"
Warning (12125): Using design file segmento_a.bdf, which is not specified as a design file for the current project, but contains definitions for 1 design units and 1 entities in project
    Info (12023): Found entity 1: segmento_a
Info (12128): Elaborating entity "segmento_a" for hierarchy "conversor:GND|segmento_a:inst"
Warning (12125): Using design file segmento_b.bdf, which is not specified as a design file for the current project, but contains definitions for 1 design units and 1 entities in project
    Info (12023): Found entity 1: segmento_b
Info (12128): Elaborating entity "segmento_b" for hierarchy "conversor:GND|segmento_b:inst2"
Warning (12125): Using design file segmento_c.bdf, which is not specified as a design file for the current project, but contains definitions for 1 design units and 1 entities in project
    Info (12023): Found entity 1: segmento_c
Info (12128): Elaborating entity "segmento_c" for hierarchy "conversor:GND|segmento_c:inst4"
Warning (12125): Using design file segmento_d.bdf, which is not specified as a design file for the current project, but contains definitions for 1 design units and 1 entities in project
    Info (12023): Found entity 1: segmento_d
Info (12128): Elaborating entity "segmento_d" for hierarchy "conversor:GND|segmento_d:inst5"
Warning (12125): Using design file segmento_e.bdf, which is not specified as a design file for the current project, but contains definitions for 1 design units and 1 entities in project
    Info (12023): Found entity 1: segmento_e
Info (12128): Elaborating entity "segmento_e" for hierarchy "conversor:GND|segmento_e:inst7"
Warning (12125): Using design file segmento_f.bdf, which is not specified as a design file for the current project, but contains definitions for 1 design units and 1 entities in project
    Info (12023): Found entity 1: segmento_f
Info (12128): Elaborating entity "segmento_f" for hierarchy "conversor:GND|segmento_f:inst8"
Warning (12125): Using design file segmento_g.bdf, which is not specified as a design file for the current project, but contains definitions for 1 design units and 1 entities in project
    Info (12023): Found entity 1: segmento_g
Info (12128): Elaborating entity "segmento_g" for hierarchy "conversor:GND|segmento_g:inst9"
Warning (12125): Using design file somaesub.bdf, which is not specified as a design file for the current project, but contains definitions for 1 design units and 1 entities in project
    Info (12023): Found entity 1: somaesub
Info (12128): Elaborating entity "somaesub" for hierarchy "somaesub:inst5"
Warning (12125): Using design file soma4bits.bdf, which is not specified as a design file for the current project, but contains definitions for 1 design units and 1 entities in project
    Info (12023): Found entity 1: soma4bits
Info (12128): Elaborating entity "soma4bits" for hierarchy "somaesub:inst5|soma4bits:inst3"
Warning (12125): Using design file soma1bit.bdf, which is not specified as a design file for the current project, but contains definitions for 1 design units and 1 entities in project
    Info (12023): Found entity 1: soma1bit
Info (12128): Elaborating entity "soma1bit" for hierarchy "somaesub:inst5|soma4bits:inst3|soma1bit:inst"
Warning (12125): Using design file subtrator.bdf, which is not specified as a design file for the current project, but contains definitions for 1 design units and 1 entities in project
    Info (12023): Found entity 1: subtrator
Info (12128): Elaborating entity "subtrator" for hierarchy "somaesub:inst5|subtrator:inst4"
Warning (13024): Output pins are stuck at VCC or GND
    Warning (13410): Pin "HEX51" is stuck at GND
    Warning (13410): Pin "HEX52" is stuck at GND
    Warning (13410): Pin "HEX56" is stuck at VCC
Info (286030): Timing-Driven Synthesis is running
Info (16010): Generating hard_block partition "hard_block:auto_generated_inst"
    Info (16011): Adding 0 node(s), including 0 DDIO, 0 PLL, 0 transceiver and 0 LCELL
Info (21057): Implemented 76 device resources after synthesis - the final resource count might be different
    Info (21058): Implemented 9 input pins
    Info (21059): Implemented 28 output pins
    Info (21061): Implemented 39 logic cells
Info: Quartus Prime Analysis & Synthesis was successful. 0 errors, 17 warnings
    Info: Peak virtual memory: 4742 megabytes
    Info: Processing ended: Tue Feb 04 22:40:43 2025
    Info: Elapsed time: 00:00:12
    Info: Total CPU time (on all processors): 00:00:11


